Alche moved 5 meters
Bird Rokh flied 8 meters
Bird Duck moved 3 meters
