flatscript
flatscripttrue
flatscriptflatscript
112flatscript
3.143.14
abc
    10
abc
    false
ammcammc
The quick brown fox
    jumps over a lazy dog.
