Line: 3
    invalid indentation
Line: 5
    invalid indentation
Line: 6
    invalid indentation
Line: 8
    invalid indentation
