Line: 13
    `super' not in member function or constructor
