Line: 1
    invalid character ` (decimal value: 96).
Line: 2
    invalid character ? (decimal value: 63).
Line: 4
    invalid character ; (decimal value: 59).
