Line: 1
    use reserved word: _
Line: 1
    use reserved word: X
Line: 2
    use reserved word: __
Line: 2
    use reserved word: A
